// Jest Snapshot v1, https://goo.gl/fbAQLP

exports[`Display should render the Display Component correctly 1`] = `
<styled.div>
  <styled.h1>
    2+3=
  </styled.h1>
  <styled.h1>
    5
  </styled.h1>
</styled.div>
`;

exports[`Title should render the Title Component correctly 1`] = `
<styled.div>
  <styled.h1>
    2+3=
  </styled.h1>
  <styled.h1>
    5
  </styled.h1>
</styled.div>
`;
