// Jest Snapshot v1, https://goo.gl/fbAQLP

exports[`Display should output the Display Component correctly 1`] = `
<styled.div>
  <styled.h1
    id="expression-display"
  >
    2+3=
  </styled.h1>
  <styled.h1
    id="total-display"
  >
    5
  </styled.h1>
</styled.div>
`;

exports[`Display should output the expression correctly 1`] = `
<styled.div>
  <styled.h1
    id="expression-display"
  >
    2+3=
  </styled.h1>
  <styled.h1
    id="total-display"
  >
    5
  </styled.h1>
</styled.div>
`;

exports[`Display should render the Display Component correctly 1`] = `
<styled.div>
  <styled.h1
    id="expression-display"
  >
    2+3=
  </styled.h1>
  <styled.h1
    id="total-display"
  >
    5
  </styled.h1>
</styled.div>
`;

exports[`Display should render the Display Component correctly 2`] = `
<styled.div>
  <styled.h1
    id="expression-display"
  >
    2+3=
  </styled.h1>
  <styled.h1
    id="total-display"
  >
    5
  </styled.h1>
</styled.div>
`;
